src/App.tsx(87,9): error TS2322: Type '{ children: Element; camera: { position: [number, number, number]; fov: number; }; gl: { antialias: true; alpha: false; }; dpr: [number, number]; vr: boolean; }' is not assignable to type 'IntrinsicAttributes & Props & RefAttributes<HTMLCanvasElement>'.
  Property 'vr' does not exist on type 'IntrinsicAttributes & Props & RefAttributes<HTMLCanvasElement>'.
src/components/FileCloud.tsx(18,9): error TS6133: 'files' is declared but its value is never read.
src/components/Scene.tsx(1,39): error TS6133: 'useCallback' is declared but its value is never read.
src/components/Scene.tsx(12,7): error TS6133: 'FOCUS_DISTANCE' is declared but its value is never read.
src/components/Scene.tsx(98,20): error TS6133: 'delta' is declared but its value is never read.
src/components/Scene.tsx(198,30): error TS2740: Type 'number[]' is missing the following properties from type 'Vector2': x, y, width, height, and 52 more.
src/hooks/useSpatialHash.ts(5,7): error TS6133: 'CELL_SIZE' is declared but its value is never read.
src/utils/spatialDistribution.ts(27,27): error TS6133: 'index' is declared but its value is never read.
